本批 15 题已全部落盘，lint 通过（0 error）。

## 本批创建的文件清单（docs/01-无线基础与演进/）

| 文件 | 题目 | 难度/频率 |
|---|---|---|
| ch01-q001-nr-vs-lte-design.md | 5G NR 与 LTE 相比的主要设计目标与技术差异 | 易/高 |
| ch01-q002-three-scenarios-embb-urllc-mmtc.md | eMBB/uRLLC/mMTC 三大应用场景及各自关键指标 | 易/高 |
| ch01-q003-nsa-vs-sa-evolution.md | NSA 与 SA 组网架构的区别及演进路径 | 易/高 |
| ch01-q004-deployment-options.md | NSA/SA 常见部署选项 Option 3/3a/3x 与 Option 2 的差异 | 中/高 |
| ch01-q005-en-dc-architecture.md | EN-DC 双连接的基本概念与整体架构 | 中/高 |
| ch01-q006-en-dc-cp-up.md | EN-DC 中控制面与用户面的走向（锚点与承载分拆） | 中/高 |
| ch01-q007-bearer-types.md | MCG bearer、SCG bearer 与 split bearer 的区别及选择 | 中/高 |
| ch01-q008-scg-procedures.md | SCG 添加、修改、变更与失败的典型流程 | 难/高 |
| ch01-q009-fr1-fr2-bands.md | FR1 与 FR2 频段范围、传播特点及典型频段号 | 易/高 |
| ch01-q010-china-operator-bands.md | 中国运营商主流 5G 频段与组网策略（移动/电信/联通/广电） | 中/高 |
| ch01-q011-ca-vs-dc.md | 载波聚合（CA）与双连接（DC）的区别与联系 | 中/高 |
| ch01-q012-lte-nr-frame-structure-diff.md | LTE 与 NR 帧结构设计差异（灵活参数集与自包含子帧） | 中/高 |
| ch01-q013-ldpc-polar-codes.md | LDPC 与 Polar 码在 NR 中的分工及相对 LTE Turbo 码的优势 | 难/中 |
| ch01-q014-nsa-measurement-b1-b3.md | NSA 终端如何驻留 LTE 并测量 NR（B1/B3 事件与系统消息配合） | 难/高 |
| ch01-q015-nsa-voice-eps-fallback.md | NSA 语音方案：EPS fallback 与 VoLTE 的关系 | 中/高 |

难度分布：易 3 / 中 9 / 难 3（约 20%/60%/20%，符合“大致比例”要求）。全章题目间互链均指向本章本批已落盘文件，无断链。

## lint 输出结尾

```
警告（warning）：
  - 第1章题量不足：15/30（分批构建中允许）
  - 第2章题量不足：19/55（分批构建中允许）
  - 第3章题量不足：8/35（分批构建中允许）
  - 第4章题量不足：0/40（分批构建中允许）
  - 第5章题量不足：0/40（分批构建中允许）
  - 第6章题量不足：0/30（分批构建中允许）
  - 第7章题量不足：0/40（分批构建中允许）
  - 第8章题量不足：0/30（分批构建中允许）

校验通过：0 error，8 个 warning
```

warning 均为分批构建中的题量提示，属正常。未运行站点构建，未触碰 scripts/ 与 .vitepress/。
EXIT_CODE=0
