## 本批创建文件清单（第 1 章 q016–q030，共 15 题）

| 题号 | 文件 | 难度 | 频率 |
|---|---|---|---|
| 16 | `docs/01-无线基础与演进/ch01-q016-vonr-vs-eps-fallback.md` | 中 | 高 |
| 17 | `docs/01-无线基础与演进/ch01-q017-4g-5g-interworking.md` | 中 | 中 |
| 18 | `docs/01-无线基础与演进/ch01-q018-n26-interface.md` | 中 | 中 |
| 19 | `docs/01-无线基础与演进/ch01-q019-sgnb-change-mnb-change.md` | 难 | 中 |
| 20 | `docs/01-无线基础与演进/ch01-q020-cell-search-vs-lte.md` | 中 | 中 |
| 21 | `docs/01-无线基础与演进/ch01-q021-rel15-16-17-features.md` | 中 | 中 |
| 22 | `docs/01-无线基础与演进/ch01-q022-5ga-r18-directions.md` | 中 | 低 |
| 23 | `docs/01-无线基础与演进/ch01-q023-sul-uplink-decoupling.md` | 中 | 低 |
| 24 | `docs/01-无线基础与演进/ch01-q024-dss-dynamic-spectrum-sharing.md` | 难 | 低 |
| 25 | `docs/01-无线基础与演进/ch01-q025-nsa-to-sa-upgrade.md` | 难 | 低 |
| 26 | `docs/01-无线基础与演进/ch01-q026-ue-capability-dual-mode.md` | 中 | 中 |
| 27 | `docs/01-无线基础与演进/ch01-q027-5g-vs-wifi6.md` | 易 | 中 |
| 28 | `docs/01-无线基础与演进/ch01-q028-network-sharing-china.md` | 中 | 中 |
| 29 | `docs/01-无线基础与演进/ch01-q029-tdd-fdd-nr-diff.md` | 中 | 中 |
| 30 | `docs/01-无线基础与演进/ch01-q030-private-network-vs-public.md` | 中 | 中 |

难度分布：易 1 / 中 11 / 难 3（全章累计大致符合 易30%/中50%/难20% 目标，此前 15 题易题较多对冲）。

## lint 输出结尾

```
共扫描题目 77 道，期望 300 道

各章题量（当前/期望）：
  第1章  30/30  ✓
  ...

警告（warning）：
  - 第2章题量不足：19/55（分批构建中允许）
  - 第3章题量不足：28/35（分批构建中允许）
  - 第4章~第8章题量不足（分批构建中允许）

校验通过：0 error，7 个 warning
```
EXIT_CODE=0
