本批 19 题全部落盘并通过校验。

## 本批创建的文件清单（docs/02-物理层/）

| # | 文件 | 标题 | 难度/频率 |
|---|---|---|---|
| 1 | ch02-q001-frame-structure.md | NR 无线帧、子帧、时隙与符号的时间结构 | 易/高 |
| 2 | ch02-q002-numerology-scs.md | 参数集（Numerology）与子载波间隔的对应关系 | 易/高 |
| 3 | ch02-q003-scs-slot-calculation.md | 不同子载波间隔下时隙与符号数的计算 | 中/高 |
| 4 | ch02-q004-slot-format-tdd.md | NR 时隙格式与 TDD 上下行配置方式 | 中/高 |
| 5 | ch02-q005-tdd-pattern-impact.md | 上下行配比（如 DDDSU）对网络性能的影响 | 易/高 |
| 6 | ch02-q006-mini-slot-urllc.md | mini-slot 非时隙调度与 URLLC 短时延 | 中/中 |
| 7 | ch02-q007-bwp-basics.md | BWP 的概念、作用与四类 BWP 配置 | 中/高 |
| 8 | ch02-q008-bwp-switching.md | BWP 激活与切换机制 | 中/中 |
| 9 | ch02-q009-initial-bwp-sib1.md | 初始 BWP 与 SIB1 中 BWP 配置的关系 | 难/中 |
| 10 | ch02-q010-ssb-composition.md | SSB 的组成（PSS/SSS/PBCH）与时频位置 | 易/高 |
| 11 | ch02-q011-ssb-burst-beam-sweep.md | SSB 突发集与波束扫描（L_max 与频段的对应） | 中/高 |
| 12 | ch02-q012-ssb-period-gscn.md | SSB 周期、GSCN 频栅与小区搜索的关系 | 中/中 |
| 13 | ch02-q013-pbch-mib-dmrs.md | PBCH 内容（MIB）与 PBCH DMRS 设计 | 中/中 |
| 14 | ch02-q014-pss-sss-pci-planning.md | PSS/SSS 序列设计与小区 ID 规划（1008 个 PCI） | 难/中 |
| 15 | ch02-q015-rmsi-sib1-ssb-mux.md | RMSI/SIB1 调度与 SSB 的时频复用关系 | 难/中 |
| 16 | ch02-q016-si-window-on-demand.md | 系统信息 SI window 与 on-demand SI 机制 | 中/低 |
| 17 | ch02-q017-pdcch-coreset-css.md | PDCCH 的 CORESET 与搜索空间（公共/专用） | 中/高 |
| 18 | ch02-q018-al-blind-decode.md | 聚合等级与 PDCCH 盲检次数的限制 | 难/中 |
| 19 | ch02-q019-dci-formats.md | DCI 常见格式（0_0/0_1/1_0/1_1）与调度信息字段 | 中/高 |

难度比例：易 5 / 中 11 / 难 3（≈26%/58%/16%，接近 30/50/20 目标）。章内互链全部使用本批已存在的相对路径，未链接尚未生成的题（跨章考点用纯文字）。未运行站点构建，未触碰 scripts/ 与 .vitepress/。

## lint 输出结尾

```
校验通过：0 error，8 个 warning
```

（warning 均为各章题量不足——分批构建中属正常；第 2 章当前 19/55。）
EXIT_CODE=0
