本批 18 题（q038–q055）已全部落盘，第 2 章题量达成 55/55。lint 校验 0 error。

## 本批创建的文件清单

| 题号 | 文件 | 标题 |
|---|---|---|
| 38 | `ch02-q038-k2-pusch-prep-time.md` | 上行调度时序 K2 与 PUSCH 准备时间 N2 |
| 39 | `ch02-q039-uplink-power-control.md` | 上行功控基本公式：开环路损补偿与闭环 TPC 修正 |
| 40 | `ch02-q040-phr-types-trigger.md` | 功率余量报告 PHR 的类型、触发与作用 |
| 41 | `ch02-q041-cp-ofdm-vs-dft-s-ofdm.md` | 上行两种波形 CP-OFDM 与 DFT-s-OFDM 的选择 |
| 42 | `ch02-q042-prach-long-short-format.md` | PRACH 长格式与短格式的区别及适用场景 |
| 43 | `ch02-q043-prach-ro-calculation.md` | PRACH 时频资源与 RACH occasion 的计算 |
| 44 | `ch02-q044-measurement-gap-config.md` | 测量间隙 GAP 的配置（per-UE/per-FR）与测量行为 |
| 45 | `ch02-q045-timing-advance.md` | 定时提前 TA 的获取与调整（随机接入与 TA 命令） |
| 46 | `ch02-q046-c-drx-parameters.md` | C-DRX 的关键参数与功耗/时延折中 |
| 47 | `ch02-q047-wus-pei-wakeup.md` | WUS/PEI 唤醒信号如何降低 PDCCH 监听功耗 |
| 48 | `ch02-q048-rb-re-bandwidth-calc.md` | RB/PRB/RE 的频域量化关系与带宽计算（手算题） |
| 49 | `ch02-q049-antenna-port-qcl.md` | 天线端口与准共址 QCL 的基本概念 |
| 50 | `ch02-q050-ssb-vs-data-coverage.md` | SSB 覆盖与数据信道覆盖的差异及边缘体验 |
| 51 | `ch02-q051-ul-alignment-guard-period.md` | 上行符号对齐与保护符号/GP 的设置 |
| 52 | `ch02-q052-ssb-prach-association.md` | SSB 与 PRACH 资源的关联及 RAR 波束指向 |
| 53 | `ch02-q053-tdd-frame-offset-cross-interference.md` | TDD 帧偏移与上下行交叉干扰的产生 |
| 54 | `ch02-q054-256qam-mcs-spectral-efficiency.md` | 256QAM 的引入条件与 MCS、频谱效率的关系 |
| 55 | `ch02-q055-shannon-vs-actual-se.md` | 香农公式与实际频谱效率的差距分析（理论计算题） |

难度分布：易 3 / 中 11 / 难 4（≈17%/61%/22%，接近全章易30/中50/难20 目标）。每题 frontmatter 五字段齐全，正文四节顺序固定；关联考点均指向已存在的第 2 章文件或以纯文字注明章节归属。

## lint 输出结尾

```
校验通过：0 error，4 个 warning
```

（warning 均为第 5/6/7/8 章题量不足，属分批构建中的正常提示；第 2 章 55/55 ✓）
