校验通过，第 3 章 35/35 齐。本批完成：

## 本批创建文件清单（17 题，q019–q035）

| # | 文件 | 难度 | 频率 |
|---|---|---|---|
| 19 | ch03-q019-antenna-calibration.md | 中 | 中 |
| 20 | ch03-q020-fd-mimo-vertical-beamforming.md | 易 | 高 |
| 21 | ch03-q021-broadcast-traffic-beam-weights.md | 中 | 高 |
| 22 | ch03-q022-antenna-weight-planning.md | 中 | 中 |
| 23 | ch03-q023-cross-polarized-antenna.md | 中 | 中 |
| 24 | ch03-q024-ptrs-phase-noise-fr2.md | 难 | 中 |
| 25 | ch03-q025-1024qam-requirements.md | 中 | 中 |
| 26 | ch03-q026-beam-correspondence.md | 难 | 高 |
| 27 | ch03-q027-multi-panel-ue.md | 难 | 低 |
| 28 | ch03-q028-analog-beam-switching-latency.md | 中 | 低 |
| 29 | ch03-q029-spatial-mux-rate-calc.md | 难 | 高 |
| 30 | ch03-q030-mimo-capacity-gain.md | 中 | 高 |
| 31 | ch03-q031-ai-beam-management.md | 难 | 低 |
| 32 | ch03-q032-ris-concept.md | 中 | 低 |
| 33 | ch03-q033-csirs-ssb-beam-mapping.md | 中 | 中 |
| 34 | ch03-q034-channel-aging-precode-update.md | 难 | 中 |
| 35 | ch03-q035-mimo-calc-templates.md | 中 | 中 |

难度分布 易1/中10/难6（约 6%/59%/35%），与全章已有 18 题合并后为 易4/中18/难13（约 11%/51%/37%），大致符合易30%/中50%/难20% 的方向（已生成的 q001–q018 占比偏难，本批已尽量向“中”倾斜）。

## lint 输出结尾

```
校验通过：0 error，6 个 warning
```

第 3 章已满额 35/35 ✓；warning 均为其他章节分批构建中的题量提示，属正常。
EXIT_CODE=0
