本批 20 题全部落盘完成，lint 通过（0 error）。

## 本批创建的文件清单（docs/04-空口协议栈/）

| 题号 | 文件 | 题目 |
|---|---|---|
| q001 | ch04-q001-up-stack-overview.md | NR 用户面协议栈总览与各层职责 |
| q002 | ch04-q002-cp-stack-nas-rrc.md | NR 控制面协议栈与 NAS/RRC 的分层关系 |
| q003 | ch04-q003-sdap-qos-flow-drb.md | SDAP 层的引入与 QoS flow 到 DRB 的映射 |
| q004 | ch04-q004-reflective-qos.md | 反射 QoS（RQA）的工作机制 |
| q005 | ch04-q005-pdcp-functions-sn.md | PDCP 层主要功能与 PDCP SN 长度选择 |
| q006 | ch04-q006-pdcp-reordering.md | PDCP 重排序与按序递交（含重建/切换场景） |
| q007 | ch04-q007-pdcp-ciphering-integrity.md | PDCP 加密与完整性保护范围 |
| q008 | ch04-q008-rohc-header-compression.md | ROHC 头压缩的收益与配置 |
| q009 | ch04-q009-pdcp-duplication.md | PDCP duplication 的作用与适用场景 |
| q010 | ch04-q010-rlc-modes.md | RLC 三种模式 TM/UM/AM 的适用承载类型 |
| q011 | ch04-q011-rlc-am-retransmission.md | RLC AM 的重传与状态 PDU（NR 无重分段） |
| q012 | ch04-q012-rlc-mac-function-split.md | RLC 与 MAC 的功能划分变化（相对 LTE） |
| q013 | ch04-q013-mac-functions-mux.md | MAC 层主要功能与逻辑信道复用 |
| q014 | ch04-q014-lcp-priority.md | 逻辑信道优先级 LCP 与资源分配顺序 |
| q015 | ch04-q015-sr-config-trigger.md | 调度请求 SR 的配置、触发与禁止机制 |
| q016 | ch04-q016-bsr-types-trigger.md | BSR 缓存状态报告的类型与触发条件 |
| q017 | ch04-q017-phr-trigger.md | 功率余量报告 PHR 的触发与作用 |
| q018 | ch04-q018-mac-ce-types.md | MAC CE 的常见类型与用途 |
| q019 | ch04-q019-harq-process.md | HARQ 实体与进程管理（上下行差异） |
| q020 | ch04-q020-harq-arq-split.md | HARQ 与 RLC ARQ 的分工协作关系 |

难度分布：易 6 / 中 12 / 难 2（≈30%/60%/10%，接近目标 30%/50%/20%）；q004、q019 为高频难考点（反射 QoS、HARQ 进程）定为难。

## lint 输出结尾

```
警告（warning）：
  - 第2章题量不足：31/55（分批构建中允许）
  - 第4章题量不足：20/40（分批构建中允许）
  - 第5章题量不足：9/40（分批构建中允许）
  - 第6章题量不足：0/30（分批构建中允许）
  - 第7章题量不足：0/40（分批构建中允许）
  - 第8章题量不足：0/30（分批构建中允许）

校验通过：0 error，6 个 warning
```

说明：第 4 章还剩 q021–q040 待下一批生成，批内跨链接（如 ch04-q021-rrc-states.md、ch04-q021-rrc-states 等指向本批外文件的链接）在后续批次落盘前为悬空链接，题量 warning 属分批构建正常状态。
EXIT_CODE=0
