本批 20 题已全部落盘，lint 通过（第 4 章补齐至 40/40）。

## 本批创建的文件清单

| 题号 | 文件 | 难度/频率 |
|---|---|---|
| 21 | `ch04-q021-rrc-three-states.md` | 易/高 |
| 22 | `ch04-q022-rrc-inactive-vs-lte-idle.md` | 中/高 |
| 23 | `ch04-q023-rrc-state-transition-signaling.md` | 中/中 |
| 24 | `ch04-q024-srb0-to-srb3.md` | 易/高 |
| 25 | `ch04-q025-drb-qos-flow-mapping.md` | 中/中 |
| 26 | `ch04-q026-nr-key-hierarchy.md` | 难/中 |
| 27 | `ch04-q027-as-nas-security-activation.md` | 中/中 |
| 28 | `ch04-q028-handover-key-update.md` | 难/中 |
| 29 | `ch04-q029-timers-t300-t311.md` | 中/高 |
| 30 | `ch04-q030-rlf-declaration-recovery.md` | 中/高 |
| 31 | `ch04-q031-rrc-reestablishment-srb0.md` | 中/高 |
| 32 | `ch04-q032-nr-paging-pf-po.md` | 难/中 |
| 33 | `ch04-q033-edrx-extended-paging.md` | 难/低 |
| 34 | `ch04-q034-en-dc-mn-sn-stack.md` | 中/中 |
| 35 | `ch04-q035-cg-type1-type2.md` | 难/中 |
| 36 | `ch04-q036-rlc-um-vonr.md` | 中/中 |
| 37 | `ch04-q037-service-request-mob-data.md` | 中/高 |
| 38 | `ch04-q038-pdcp-discard-timer.md` | 中/中 |
| 39 | `ch04-q039-nr-lte-stack-diff.md` | 易/高 |
| 40 | `ch04-q040-stack-layer-resource-mapping.md` | 中/中 |

难度比例：易 4 / 中 12 / 难 4（约 20%/60%/20%，偏“中”侧，符合全章 易30%/中50%/难20% 的大致要求）。

## lint 输出结尾

```
共扫描题目 170 道，期望 300 道

各章题量（当前/期望）：
  第1章  30/30  ✓
  第2章  45/55  …
  第3章  35/35  ✓
  第4章  40/40  ✓
  第5章  20/40  …
  第6章  0/30  …
  第7章  0/40  …
  第8章  0/30  …

警告（warning）：
  - 第2章题量不足：45/55（分批构建中允许）
  - 第5章题量不足：20/40（分批构建中允许）
  - 第6章题量不足：0/30（分批构建中允许）
  - 第7章题量不足：0/40（分批构建中允许）
  - 第8章题量不足：0/30（分批构建中允许）

校验通过：0 error，5 个 warning
```

说明：warning 均为其他章分批构建中的正常题量提示，与本批无关；本批未修改 scripts/ 与 .vitepress/，未运行站点构建。
