第 5 章第 21–40 题生成完毕，第 5 章题量已满（40/40）。

## 本批创建的文件清单（20 题）

| 题号 | 文件 | 难度 | 频率 |
|---|---|---|---|
| 021 | ch05-q021-b1-b2-events.md | 易 | 高 |
| 022 | ch05-q022-meas-report-types.md | 中 | 中 |
| 023 | ch05-q023-xn-handover-procedure.md | 难 | 高 |
| 024 | ch05-q024-ng-vs-xn-handover.md | 中 | 中 |
| 025 | ch05-q025-conditional-handover.md | 难 | 中 |
| 026 | ch05-q026-ho-failure-rlf.md | 难 | 高 |
| 027 | ch05-q027-sn-addition.md | 中 | 高 |
| 028 | ch05-q028-pscell-modify-sn-release.md | 中 | 中 |
| 029 | ch05-q029-sn-change.md | 难 | 中 |
| 030 | ch05-q030-rrc-reestablishment.md | 中 | 高 |
| 031 | ch05-q031-connection-deactivation.md | 中 | 低 |
| 032 | ch05-q032-tau-tracking-update.md | 中 | 中 |
| 033 | ch05-q033-bfr-signaling.md | 难 | 中 |
| 034 | ch05-q034-scg-failure-report.md | 中 | 中 |
| 035 | ch05-q035-nr-paging-flow.md | 中 | 高 |
| 036 | ch05-q036-endc-nr-measurement.md | 中 | 高 |
| 037 | ch05-q037-ul-out-of-sync.md | 中 | 中 |
| 038 | ch05-q038-rrc-reconfig-fallback.md | 中 | 高 |
| 039 | ch05-q039-ra-failure-troubleshooting.md | 难 | 中 |
| 040 | ch05-q040-full-call-flow.md | 中 | 高 |

难度分布：易 1 / 中 14 / 难 5。关联考点均链接到已存在的目标文件（ch01/ch03/ch04/ch05），无断链。

## lint 输出结尾

```
校验通过：0 error，3 个 warning
```

warning 均为其他章题量不足（第 6 章 10/30、第 7 章 1/40、第 8 章 0/30），属分批构建中正常现象，未做修改。
