第 6 章本批 15 题（q016–q030）已全部落盘，lint 0 error。

**本批创建的文件清单**（docs/06-组网与架构/）：

| 文件 | 标题 | 难度/频率 |
|---|---|---|
| ch06-q016-ta-tai-list-registration-area.md | 跟踪区 TA/TAI 列表与注册区设计 | 中/中 |
| ch06-q017-nfv-cloud-gnb-core.md | NFV/云化对 gNB 与核心网部署的影响 | 中/中 |
| ch06-q018-mec-upf-synergy.md | MEC 边缘计算架构与 UPF 下沉的协同 | 中/中 |
| ch06-q019-ladn-ulcl-local-traffic.md | 本地分流方案（LADN 与 ULCL） | 难/中 |
| ch06-q020-roaming-home-routed-lbo.md | 漫游架构（home-routed 与 LBO） | 中/中 |
| ch06-q021-oran-architecture-ric.md | O-RAN 架构概览（O-RU/O-DU/O-CU 与 RIC） | 中/中 |
| ch06-q022-edge-cloud-scenarios.md | 5G 与边缘云/云网协同的落地场景 | 易/中 |
| ch06-q023-network-automation-son-intent.md | 网络自动化（自优化/自愈合）与意图驱动网络 | 中/低 |
| ch06-q024-5gc-vs-epc-diff.md | 5GC 与 EPC 的核心差异总结（高频对比题） | 易/高 |
| ch06-q025-cups-separation-value.md | 控制面/用户面分离 CUPS 的思想与价值 | 中/中 |
| ch06-q026-endc-core-anchoring-userplane.md | EN-DC 双连接下的核心网锚定与用户面走向 | 难/中 |
| ch06-q027-slice-sla-private-network.md | 网络切片 SLA 保障与企业专网运营 | 难/中 |
| ch06-q028-lmf-positioning-methods.md | 定位架构（LMF）与常见定位方法 | 中/低 |
| ch06-q029-5gc-iot-nbiot-evolution.md | 5GC 对 IoT 的支持（NB-IoT 演进路径） | 中/低 |
| ch06-q030-operator-deployment-billing.md | 运营商 5GC 建设模式与计费话单链路简述 | 中/低 |

本批难度分布：易 2 / 中 10 / 难 3（叠加前 15 题后全章 30 题约为 易 4/中 19/难 7，接近 易30%/中50%/难20% 目标）；关联考点均已用相对路径链接到实际存在的目标文件。

**lint 输出结尾**：

```
校验通过：0 error，1 个 warning
```

（唯一 warning 为第 7 章题量不足 24/40，属分批构建中正常现象，不涉及本批文件。）
EXIT_CODE=0
