本批 15 题全部落盘完成。

## 创建的文件清单（docs/08-场景与软技能/）

| 题号 | 文件 | 难度/频率 |
|---|---|---|
| 016 | ch08-q016-rf-optimization-interview-checklist.md | 易/高 |
| 017 | ch08-q017-r-d-interview-terminal-vendor.md | 中/高 |
| 018 | ch08-q018-presale-solution-interview.md | 中/中 |
| 019 | ch08-q019-operator-vendor-terminal-difference.md | 易/中 |
| 020 | ch08-q020-stress-interview-follow-up.md | 中/高 |
| 021 | ch08-q021-group-discussion-nsa-sa-debate.md | 中/中 |
| 022 | ch08-q022-questions-to-interviewer.md | 易/中 |
| 023 | ch08-q023-salary-negotiation-offer-comparison.md | 中/中 |
| 024 | ch08-q024-career-plan-answer.md | 易/高 |
| 025 | ch08-q025-5ga-6g-vision.md | 中/中 |
| 026 | ch08-q026-redcap-ntn-isac-applications.md | 中/中 |
| 027 | ch08-q027-cross-major-transition.md | 中/中 |
| 028 | ch08-q028-english-interview-templates.md | 中/低 |
| 029 | ch08-q029-honesty-answering-boundary.md | 易/高 |
| 030 | ch08-q030-interview-review-knowledge.md | 中/低 |

第 8 章现已集齐 30/30。关联考点链接均指向已存在文件（如 ch01-q003、ch01-q022、ch01-q025、ch01-q030、ch03-q032 等），全章难度分布 易 11 / 中 15 / 难 4。

## lint 输出结尾

```
警告（warning）：
  - 第6章题量不足：29/30（分批构建中允许）
  - 第7章题量不足：23/40（分批构建中允许）

校验通过：0 error，2 个 warning
```

0 error 达标；2 个 warning 均为第 6/7 章分批未完成所致，与本批无关。未运行站点构建，未触碰 scripts/ 与 .vitepress/。
EXIT_CODE=0
