校验通过。输出本批结果。

## 本批创建的文件清单（15 个，docs/08-场景与软技能/）

| # | 文件 | 难度 | 频率 |
|---|---|---|---|
| 1 | ch08-q001-star-self-introduction.md | 易 | 高 |
| 2 | ch08-q002-project-story-refine.md | 中 | 高 |
| 3 | ch08-q003-5g-vs-4g-answer.md | 易 | 高 |
| 4 | ch08-q004-draw-nr-frame-structure.md | 中 | 高 |
| 5 | ch08-q005-draw-random-access-flow.md | 中 | 高 |
| 6 | ch08-q006-link-budget-whiteboard.md | 难 | 高 |
| 7 | ch08-q007-shannon-spectral-efficiency.md | 难 | 中 |
| 8 | ch08-q008-why-ldpc-for-data.md | 中 | 中 |
| 9 | ch08-q009-mmwave-sub6-standalone.md | 中 | 中 |
| 10 | ch08-q010-how-5g-supports-low-latency.md | 难 | 高 |
| 11 | ch08-q011-slice-isolation.md | 难 | 中 |
| 12 | ch08-q012-terms-access-mobility.md | 易 | 高 |
| 13 | ch08-q013-terms-phy-rf.md | 易 | 高 |
| 14 | ch08-q014-terms-core-business.md | 易 | 中 |
| 15 | ch08-q015-resume-tips-network-rnd.md | 易 | 高 |

难度比例 易 6 / 中 5 / 难 4（≈40%/33%/27%），略偏易——软技能章特性如此，术语与简历类均为易。每题 frontmatter 五字段齐全，四节齐全，术语首现给全称，未引用无把握的规范表号；关联考点均用相对路径链接到已存在的目标文件。

## lint 输出结尾

```
警告（warning）：
  - 第6章题量不足：23/30（分批构建中允许）
  - 第7章题量不足：20/40（分批构建中允许）
  - 第8章题量不足：21/30（分批构建中允许）

校验通过：0 error，3 个 warning
```

0 error，题量 warning 为分批构建正常状态（另观察到第 6/7 章题量在本次会话期间由并行批次增长，非本批改动）。
EXIT_CODE=0
