Refreshing run status every 3 seconds. Press Ctrl+C to quit.

* main Deploy VitePress site to Pages · 37328199913
Triggered via push less than a minute ago

JOBS
✓ build in 23s (ID 111824237406)
  ✓ Set up job
  ✓ Run actions/checkout@v4
  ✓ Run actions/setup-node@v4
  ✓ Run actions/configure-pages@v4
  ✓ Install dependencies
  ✓ Build with base path for project pages
  ✓ Run actions/upload-pages-artifact@v3
  ✓ Post Run actions/setup-node@v4
  ✓ Post Run actions/checkout@v4
  ✓ Complete job
* Deploy (ID 111824439716)

ANNOTATIONS
! Node.js 20 is deprecated. The following actions target Node.js 20 but are being forced to run on Node.js 24: actions/checkout@v4, actions/configure-pages@v4, actions/setup-node@v4, actions/upload-artifact@v4. For more information see: https://github.blog/changelog/2025-09-19-deprecation-of-node-20-on-github-actions-runners/
build: .github#2

- "The ubuntu-latest label will migrate to Ubuntu 26 beginning October 19, 2026. For more information, see https://github.com/actions/runner-images/issues/14748"
build: .github#1

Refreshing run status every 3 seconds. Press Ctrl+C to quit.

* main Deploy VitePress site to Pages · 37328199913
Triggered via push less than a minute ago

JOBS
✓ build in 23s (ID 111824237406)
  ✓ Set up job
  ✓ Run actions/checkout@v4
  ✓ Run actions/setup-node@v4
  ✓ Run actions/configure-pages@v4
  ✓ Install dependencies
  ✓ Build with base path for project pages
  ✓ Run actions/upload-pages-artifact@v3
  ✓ Post Run actions/setup-node@v4
  ✓ Post Run actions/checkout@v4
  ✓ Complete job
* Deploy (ID 111824439716)
  ✓ Set up job
  * Run actions/deploy-pages@v4

ANNOTATIONS
! Node.js 20 is deprecated. The following actions target Node.js 20 but are being forced to run on Node.js 24: actions/checkout@v4, actions/configure-pages@v4, actions/setup-node@v4, actions/upload-artifact@v4. For more information see: https://github.blog/changelog/2025-09-19-deprecation-of-node-20-on-github-actions-runners/
build: .github#2

- "The ubuntu-latest label will migrate to Ubuntu 26 beginning October 19, 2026. For more information, see https://github.com/actions/runner-images/issues/14748"
build: .github#1

Refreshing run status every 3 seconds. Press Ctrl+C to quit.

* main Deploy VitePress site to Pages · 37328199913
Triggered via push less than a minute ago

JOBS
✓ build in 23s (ID 111824237406)
  ✓ Set up job
  ✓ Run actions/checkout@v4
  ✓ Run actions/setup-node@v4
  ✓ Run actions/configure-pages@v4
  ✓ Install dependencies
  ✓ Build with base path for project pages
  ✓ Run actions/upload-pages-artifact@v3
  ✓ Post Run actions/setup-node@v4
  ✓ Post Run actions/checkout@v4
  ✓ Complete job
* Deploy (ID 111824439716)
  ✓ Set up job
  * Run actions/deploy-pages@v4

ANNOTATIONS
! Node.js 20 is deprecated. The following actions target Node.js 20 but are being forced to run on Node.js 24: actions/checkout@v4, actions/configure-pages@v4, actions/setup-node@v4, actions/upload-artifact@v4. For more information see: https://github.blog/changelog/2025-09-19-deprecation-of-node-20-on-github-actions-runners/
build: .github#2

- "The ubuntu-latest label will migrate to Ubuntu 26 beginning October 19, 2026. For more information, see https://github.com/actions/runner-images/issues/14748"
build: .github#1

Refreshing run status every 3 seconds. Press Ctrl+C to quit.

* main Deploy VitePress site to Pages · 37328199913
Triggered via push less than a minute ago

JOBS
✓ build in 23s (ID 111824237406)
  ✓ Set up job
  ✓ Run actions/checkout@v4
  ✓ Run actions/setup-node@v4
  ✓ Run actions/configure-pages@v4
  ✓ Install dependencies
  ✓ Build with base path for project pages
  ✓ Run actions/upload-pages-artifact@v3
  ✓ Post Run actions/setup-node@v4
  ✓ Post Run actions/checkout@v4
  ✓ Complete job
* Deploy (ID 111824439716)
  ✓ Set up job
  * Run actions/deploy-pages@v4

ANNOTATIONS
! Node.js 20 is deprecated. The following actions target Node.js 20 but are being forced to run on Node.js 24: actions/checkout@v4, actions/configure-pages@v4, actions/setup-node@v4, actions/upload-artifact@v4. For more information see: https://github.blog/changelog/2025-09-19-deprecation-of-node-20-on-github-actions-runners/
build: .github#2

- "The ubuntu-latest label will migrate to Ubuntu 26 beginning October 19, 2026. For more information, see https://github.com/actions/runner-images/issues/14748"
build: .github#1

Refreshing run status every 3 seconds. Press Ctrl+C to quit.

* main Deploy VitePress site to Pages · 37328199913
Triggered via push less than a minute ago

JOBS
✓ build in 23s (ID 111824237406)
  ✓ Set up job
  ✓ Run actions/checkout@v4
  ✓ Run actions/setup-node@v4
  ✓ Run actions/configure-pages@v4
  ✓ Install dependencies
  ✓ Build with base path for project pages
  ✓ Run actions/upload-pages-artifact@v3
  ✓ Post Run actions/setup-node@v4
  ✓ Post Run actions/checkout@v4
  ✓ Complete job
* Deploy (ID 111824439716)
  ✓ Set up job
  * Run actions/deploy-pages@v4

ANNOTATIONS
! Node.js 20 is deprecated. The following actions target Node.js 20 but are being forced to run on Node.js 24: actions/checkout@v4, actions/configure-pages@v4, actions/setup-node@v4, actions/upload-artifact@v4. For more information see: https://github.blog/changelog/2025-09-19-deprecation-of-node-20-on-github-actions-runners/
build: .github#2

- "The ubuntu-latest label will migrate to Ubuntu 26 beginning October 19, 2026. For more information, see https://github.com/actions/runner-images/issues/14748"
build: .github#1

Refreshing run status every 3 seconds. Press Ctrl+C to quit.

* main Deploy VitePress site to Pages · 37328199913
Triggered via push less than a minute ago

JOBS
✓ build in 23s (ID 111824237406)
  ✓ Set up job
  ✓ Run actions/checkout@v4
  ✓ Run actions/setup-node@v4
  ✓ Run actions/configure-pages@v4
  ✓ Install dependencies
  ✓ Build with base path for project pages
  ✓ Run actions/upload-pages-artifact@v3
  ✓ Post Run actions/setup-node@v4
  ✓ Post Run actions/checkout@v4
  ✓ Complete job
* Deploy (ID 111824439716)
  ✓ Set up job
  * Run actions/deploy-pages@v4

ANNOTATIONS
! Node.js 20 is deprecated. The following actions target Node.js 20 but are being forced to run on Node.js 24: actions/checkout@v4, actions/configure-pages@v4, actions/setup-node@v4, actions/upload-artifact@v4. For more information see: https://github.blog/changelog/2025-09-19-deprecation-of-node-20-on-github-actions-runners/
build: .github#2

- "The ubuntu-latest label will migrate to Ubuntu 26 beginning October 19, 2026. For more information, see https://github.com/actions/runner-images/issues/14748"
build: .github#1

Refreshing run status every 3 seconds. Press Ctrl+C to quit.

* main Deploy VitePress site to Pages · 37328199913
Triggered via push about 1 minute ago

JOBS
✓ build in 23s (ID 111824237406)
  ✓ Set up job
  ✓ Run actions/checkout@v4
  ✓ Run actions/setup-node@v4
  ✓ Run actions/configure-pages@v4
  ✓ Install dependencies
  ✓ Build with base path for project pages
  ✓ Run actions/upload-pages-artifact@v3
  ✓ Post Run actions/setup-node@v4
  ✓ Post Run actions/checkout@v4
  ✓ Complete job
* Deploy (ID 111824439716)
  ✓ Set up job
  * Run actions/deploy-pages@v4

ANNOTATIONS
! Node.js 20 is deprecated. The following actions target Node.js 20 but are being forced to run on Node.js 24: actions/checkout@v4, actions/configure-pages@v4, actions/setup-node@v4, actions/upload-artifact@v4. For more information see: https://github.blog/changelog/2025-09-19-deprecation-of-node-20-on-github-actions-runners/
build: .github#2

- "The ubuntu-latest label will migrate to Ubuntu 26 beginning October 19, 2026. For more information, see https://github.com/actions/runner-images/issues/14748"
build: .github#1

Refreshing run status every 3 seconds. Press Ctrl+C to quit.

* main Deploy VitePress site to Pages · 37328199913
Triggered via push about 1 minute ago

JOBS
✓ build in 23s (ID 111824237406)
  ✓ Set up job
  ✓ Run actions/checkout@v4
  ✓ Run actions/setup-node@v4
  ✓ Run actions/configure-pages@v4
  ✓ Install dependencies
  ✓ Build with base path for project pages
  ✓ Run actions/upload-pages-artifact@v3
  ✓ Post Run actions/setup-node@v4
  ✓ Post Run actions/checkout@v4
  ✓ Complete job
* Deploy (ID 111824439716)
  ✓ Set up job
  * Run actions/deploy-pages@v4

ANNOTATIONS
! Node.js 20 is deprecated. The following actions target Node.js 20 but are being forced to run on Node.js 24: actions/checkout@v4, actions/configure-pages@v4, actions/setup-node@v4, actions/upload-artifact@v4. For more information see: https://github.blog/changelog/2025-09-19-deprecation-of-node-20-on-github-actions-runners/
build: .github#2

- "The ubuntu-latest label will migrate to Ubuntu 26 beginning October 19, 2026. For more information, see https://github.com/actions/runner-images/issues/14748"
build: .github#1

Refreshing run status every 3 seconds. Press Ctrl+C to quit.

* main Deploy VitePress site to Pages · 37328199913
Triggered via push about 1 minute ago

JOBS
✓ build in 23s (ID 111824237406)
  ✓ Set up job
  ✓ Run actions/checkout@v4
  ✓ Run actions/setup-node@v4
  ✓ Run actions/configure-pages@v4
  ✓ Install dependencies
  ✓ Build with base path for project pages
  ✓ Run actions/upload-pages-artifact@v3
  ✓ Post Run actions/setup-node@v4
  ✓ Post Run actions/checkout@v4
  ✓ Complete job
* Deploy (ID 111824439716)
  ✓ Set up job
  * Run actions/deploy-pages@v4

ANNOTATIONS
! Node.js 20 is deprecated. The following actions target Node.js 20 but are being forced to run on Node.js 24: actions/checkout@v4, actions/configure-pages@v4, actions/setup-node@v4, actions/upload-artifact@v4. For more information see: https://github.blog/changelog/2025-09-19-deprecation-of-node-20-on-github-actions-runners/
build: .github#2

- "The ubuntu-latest label will migrate to Ubuntu 26 beginning October 19, 2026. For more information, see https://github.com/actions/runner-images/issues/14748"
build: .github#1

Refreshing run status every 3 seconds. Press Ctrl+C to quit.

* main Deploy VitePress site to Pages · 37328199913
Triggered via push about 1 minute ago

JOBS
✓ build in 23s (ID 111824237406)
  ✓ Set up job
  ✓ Run actions/checkout@v4
  ✓ Run actions/setup-node@v4
  ✓ Run actions/configure-pages@v4
  ✓ Install dependencies
  ✓ Build with base path for project pages
  ✓ Run actions/upload-pages-artifact@v3
  ✓ Post Run actions/setup-node@v4
  ✓ Post Run actions/checkout@v4
  ✓ Complete job
* Deploy (ID 111824439716)
  ✓ Set up job
  * Run actions/deploy-pages@v4

ANNOTATIONS
! Node.js 20 is deprecated. The following actions target Node.js 20 but are being forced to run on Node.js 24: actions/checkout@v4, actions/configure-pages@v4, actions/setup-node@v4, actions/upload-artifact@v4. For more information see: https://github.blog/changelog/2025-09-19-deprecation-of-node-20-on-github-actions-runners/
build: .github#2

- "The ubuntu-latest label will migrate to Ubuntu 26 beginning October 19, 2026. For more information, see https://github.com/actions/runner-images/issues/14748"
build: .github#1

Refreshing run status every 3 seconds. Press Ctrl+C to quit.

* main Deploy VitePress site to Pages · 37328199913
Triggered via push about 1 minute ago

JOBS
✓ build in 23s (ID 111824237406)
  ✓ Set up job
  ✓ Run actions/checkout@v4
  ✓ Run actions/setup-node@v4
  ✓ Run actions/configure-pages@v4
  ✓ Install dependencies
  ✓ Build with base path for project pages
  ✓ Run actions/upload-pages-artifact@v3
  ✓ Post Run actions/setup-node@v4
  ✓ Post Run actions/checkout@v4
  ✓ Complete job
* Deploy (ID 111824439716)
  ✓ Set up job
  * Run actions/deploy-pages@v4

ANNOTATIONS
! Node.js 20 is deprecated. The following actions target Node.js 20 but are being forced to run on Node.js 24: actions/checkout@v4, actions/configure-pages@v4, actions/setup-node@v4, actions/upload-artifact@v4. For more information see: https://github.blog/changelog/2025-09-19-deprecation-of-node-20-on-github-actions-runners/
build: .github#2

- "The ubuntu-latest label will migrate to Ubuntu 26 beginning October 19, 2026. For more information, see https://github.com/actions/runner-images/issues/14748"
build: .github#1

Refreshing run status every 3 seconds. Press Ctrl+C to quit.

* main Deploy VitePress site to Pages · 37328199913
Triggered via push about 1 minute ago

JOBS
✓ build in 23s (ID 111824237406)
  ✓ Set up job
  ✓ Run actions/checkout@v4
  ✓ Run actions/setup-node@v4
  ✓ Run actions/configure-pages@v4
  ✓ Install dependencies
  ✓ Build with base path for project pages
  ✓ Run actions/upload-pages-artifact@v3
  ✓ Post Run actions/setup-node@v4
  ✓ Post Run actions/checkout@v4
  ✓ Complete job
* Deploy (ID 111824439716)
  ✓ Set up job
  * Run actions/deploy-pages@v4

ANNOTATIONS
! Node.js 20 is deprecated. The following actions target Node.js 20 but are being forced to run on Node.js 24: actions/checkout@v4, actions/configure-pages@v4, actions/setup-node@v4, actions/upload-artifact@v4. For more information see: https://github.blog/changelog/2025-09-19-deprecation-of-node-20-on-github-actions-runners/
build: .github#2

- "The ubuntu-latest label will migrate to Ubuntu 26 beginning October 19, 2026. For more information, see https://github.com/actions/runner-images/issues/14748"
build: .github#1

Refreshing run status every 3 seconds. Press Ctrl+C to quit.

* main Deploy VitePress site to Pages · 37328199913
Triggered via push about 1 minute ago

JOBS
✓ build in 23s (ID 111824237406)
  ✓ Set up job
  ✓ Run actions/checkout@v4
  ✓ Run actions/setup-node@v4
  ✓ Run actions/configure-pages@v4
  ✓ Install dependencies
  ✓ Build with base path for project pages
  ✓ Run actions/upload-pages-artifact@v3
  ✓ Post Run actions/setup-node@v4
  ✓ Post Run actions/checkout@v4
  ✓ Complete job
* Deploy (ID 111824439716)
  ✓ Set up job
  * Run actions/deploy-pages@v4

ANNOTATIONS
! Node.js 20 is deprecated. The following actions target Node.js 20 but are being forced to run on Node.js 24: actions/checkout@v4, actions/configure-pages@v4, actions/setup-node@v4, actions/upload-artifact@v4. For more information see: https://github.blog/changelog/2025-09-19-deprecation-of-node-20-on-github-actions-runners/
build: .github#2

- "The ubuntu-latest label will migrate to Ubuntu 26 beginning October 19, 2026. For more information, see https://github.com/actions/runner-images/issues/14748"
build: .github#1

Refreshing run status every 3 seconds. Press Ctrl+C to quit.

* main Deploy VitePress site to Pages · 37328199913
Triggered via push about 1 minute ago

JOBS
✓ build in 23s (ID 111824237406)
  ✓ Set up job
  ✓ Run actions/checkout@v4
  ✓ Run actions/setup-node@v4
  ✓ Run actions/configure-pages@v4
  ✓ Install dependencies
  ✓ Build with base path for project pages
  ✓ Run actions/upload-pages-artifact@v3
  ✓ Post Run actions/setup-node@v4
  ✓ Post Run actions/checkout@v4
  ✓ Complete job
* Deploy (ID 111824439716)
  ✓ Set up job
  * Run actions/deploy-pages@v4

ANNOTATIONS
! Node.js 20 is deprecated. The following actions target Node.js 20 but are being forced to run on Node.js 24: actions/checkout@v4, actions/configure-pages@v4, actions/setup-node@v4, actions/upload-artifact@v4. For more information see: https://github.blog/changelog/2025-09-19-deprecation-of-node-20-on-github-actions-runners/
build: .github#2

- "The ubuntu-latest label will migrate to Ubuntu 26 beginning October 19, 2026. For more information, see https://github.com/actions/runner-images/issues/14748"
build: .github#1

Refreshing run status every 3 seconds. Press Ctrl+C to quit.

* main Deploy VitePress site to Pages · 37328199913
Triggered via push about 1 minute ago

JOBS
✓ build in 23s (ID 111824237406)
  ✓ Set up job
  ✓ Run actions/checkout@v4
  ✓ Run actions/setup-node@v4
  ✓ Run actions/configure-pages@v4
  ✓ Install dependencies
  ✓ Build with base path for project pages
  ✓ Run actions/upload-pages-artifact@v3
  ✓ Post Run actions/setup-node@v4
  ✓ Post Run actions/checkout@v4
  ✓ Complete job
* Deploy (ID 111824439716)
  ✓ Set up job
  * Run actions/deploy-pages@v4

ANNOTATIONS
! Node.js 20 is deprecated. The following actions target Node.js 20 but are being forced to run on Node.js 24: actions/checkout@v4, actions/configure-pages@v4, actions/setup-node@v4, actions/upload-artifact@v4. For more information see: https://github.blog/changelog/2025-09-19-deprecation-of-node-20-on-github-actions-runners/
build: .github#2

- "The ubuntu-latest label will migrate to Ubuntu 26 beginning October 19, 2026. For more information, see https://github.com/actions/runner-images/issues/14748"
build: .github#1

Refreshing run status every 3 seconds. Press Ctrl+C to quit.

* main Deploy VitePress site to Pages · 37328199913
Triggered via push about 1 minute ago

JOBS
✓ build in 23s (ID 111824237406)
  ✓ Set up job
  ✓ Run actions/checkout@v4
  ✓ Run actions/setup-node@v4
  ✓ Run actions/configure-pages@v4
  ✓ Install dependencies
  ✓ Build with base path for project pages
  ✓ Run actions/upload-pages-artifact@v3
  ✓ Post Run actions/setup-node@v4
  ✓ Post Run actions/checkout@v4
  ✓ Complete job
* Deploy (ID 111824439716)
  ✓ Set up job
  * Run actions/deploy-pages@v4

ANNOTATIONS
! Node.js 20 is deprecated. The following actions target Node.js 20 but are being forced to run on Node.js 24: actions/checkout@v4, actions/configure-pages@v4, actions/setup-node@v4, actions/upload-artifact@v4. For more information see: https://github.blog/changelog/2025-09-19-deprecation-of-node-20-on-github-actions-runners/
build: .github#2

- "The ubuntu-latest label will migrate to Ubuntu 26 beginning October 19, 2026. For more information, see https://github.com/actions/runner-images/issues/14748"
build: .github#1

Refreshing run status every 3 seconds. Press Ctrl+C to quit.

* main Deploy VitePress site to Pages · 37328199913
Triggered via push about 1 minute ago

JOBS
✓ build in 23s (ID 111824237406)
  ✓ Set up job
  ✓ Run actions/checkout@v4
  ✓ Run actions/setup-node@v4
  ✓ Run actions/configure-pages@v4
  ✓ Install dependencies
  ✓ Build with base path for project pages
  ✓ Run actions/upload-pages-artifact@v3
  ✓ Post Run actions/setup-node@v4
  ✓ Post Run actions/checkout@v4
  ✓ Complete job
* Deploy (ID 111824439716)
  ✓ Set up job
  * Run actions/deploy-pages@v4

ANNOTATIONS
! Node.js 20 is deprecated. The following actions target Node.js 20 but are being forced to run on Node.js 24: actions/checkout@v4, actions/configure-pages@v4, actions/setup-node@v4, actions/upload-artifact@v4. For more information see: https://github.blog/changelog/2025-09-19-deprecation-of-node-20-on-github-actions-runners/
build: .github#2

- "The ubuntu-latest label will migrate to Ubuntu 26 beginning October 19, 2026. For more information, see https://github.com/actions/runner-images/issues/14748"
build: .github#1

Refreshing run status every 3 seconds. Press Ctrl+C to quit.

* main Deploy VitePress site to Pages · 37328199913
Triggered via push about 2 minutes ago

JOBS
✓ build in 23s (ID 111824237406)
  ✓ Set up job
  ✓ Run actions/checkout@v4
  ✓ Run actions/setup-node@v4
  ✓ Run actions/configure-pages@v4
  ✓ Install dependencies
  ✓ Build with base path for project pages
  ✓ Run actions/upload-pages-artifact@v3
  ✓ Post Run actions/setup-node@v4
  ✓ Post Run actions/checkout@v4
  ✓ Complete job
* Deploy (ID 111824439716)
  ✓ Set up job
  * Run actions/deploy-pages@v4

ANNOTATIONS
! Node.js 20 is deprecated. The following actions target Node.js 20 but are being forced to run on Node.js 24: actions/checkout@v4, actions/configure-pages@v4, actions/setup-node@v4, actions/upload-artifact@v4. For more information see: https://github.blog/changelog/2025-09-19-deprecation-of-node-20-on-github-actions-runners/
build: .github#2

- "The ubuntu-latest label will migrate to Ubuntu 26 beginning October 19, 2026. For more information, see https://github.com/actions/runner-images/issues/14748"
build: .github#1

Refreshing run status every 3 seconds. Press Ctrl+C to quit.

* main Deploy VitePress site to Pages · 37328199913
Triggered via push about 2 minutes ago

JOBS
✓ build in 23s (ID 111824237406)
  ✓ Set up job
  ✓ Run actions/checkout@v4
  ✓ Run actions/setup-node@v4
  ✓ Run actions/configure-pages@v4
  ✓ Install dependencies
  ✓ Build with base path for project pages
  ✓ Run actions/upload-pages-artifact@v3
  ✓ Post Run actions/setup-node@v4
  ✓ Post Run actions/checkout@v4
  ✓ Complete job
* Deploy (ID 111824439716)
  ✓ Set up job
  * Run actions/deploy-pages@v4

ANNOTATIONS
! Node.js 20 is deprecated. The following actions target Node.js 20 but are being forced to run on Node.js 24: actions/checkout@v4, actions/configure-pages@v4, actions/setup-node@v4, actions/upload-artifact@v4. For more information see: https://github.blog/changelog/2025-09-19-deprecation-of-node-20-on-github-actions-runners/
build: .github#2

- "The ubuntu-latest label will migrate to Ubuntu 26 beginning October 19, 2026. For more information, see https://github.com/actions/runner-images/issues/14748"
build: .github#1

Refreshing run status every 3 seconds. Press Ctrl+C to quit.

* main Deploy VitePress site to Pages · 37328199913
Triggered via push about 2 minutes ago

JOBS
✓ build in 23s (ID 111824237406)
  ✓ Set up job
  ✓ Run actions/checkout@v4
  ✓ Run actions/setup-node@v4
  ✓ Run actions/configure-pages@v4
  ✓ Install dependencies
  ✓ Build with base path for project pages
  ✓ Run actions/upload-pages-artifact@v3
  ✓ Post Run actions/setup-node@v4
  ✓ Post Run actions/checkout@v4
  ✓ Complete job
✓ Deploy in 1m38s (ID 111824439716)
  ✓ Set up job
  ✓ Run actions/deploy-pages@v4
  ✓ Complete job

ANNOTATIONS
! Node.js 20 is deprecated. The following actions target Node.js 20 but are being forced to run on Node.js 24: actions/checkout@v4, actions/configure-pages@v4, actions/setup-node@v4, actions/upload-artifact@v4. For more information see: https://github.blog/changelog/2025-09-19-deprecation-of-node-20-on-github-actions-runners/
build: .github#2

- "The ubuntu-latest label will migrate to Ubuntu 26 beginning October 19, 2026. For more information, see https://github.com/actions/runner-images/issues/14748"
build: .github#1

! Node.js 20 is deprecated. The following actions target Node.js 20 but are being forced to run on Node.js 24: actions/deploy-pages@v4. For more information see: https://github.blog/changelog/2025-09-19-deprecation-of-node-20-on-github-actions-runners/
Deploy: .github#4

- "The ubuntu-latest label will migrate to Ubuntu 26 beginning October 19, 2026. For more information, see https://github.com/actions/runner-images/issues/14748"
Deploy: .github#1

✓ main Deploy VitePress site to Pages · 37328199913
Triggered via push about 2 minutes ago

JOBS
✓ build in 23s (ID 111824237406)
  ✓ Set up job
  ✓ Run actions/checkout@v4
  ✓ Run actions/setup-node@v4
  ✓ Run actions/configure-pages@v4
  ✓ Install dependencies
  ✓ Build with base path for project pages
  ✓ Run actions/upload-pages-artifact@v3
  ✓ Post Run actions/setup-node@v4
  ✓ Post Run actions/checkout@v4
  ✓ Complete job
✓ Deploy in 1m38s (ID 111824439716)
  ✓ Set up job
  ✓ Run actions/deploy-pages@v4
  ✓ Complete job

ANNOTATIONS
! Node.js 20 is deprecated. The following actions target Node.js 20 but are being forced to run on Node.js 24: actions/checkout@v4, actions/configure-pages@v4, actions/setup-node@v4, actions/upload-artifact@v4. For more information see: https://github.blog/changelog/2025-09-19-deprecation-of-node-20-on-github-actions-runners/
build: .github#2

- "The ubuntu-latest label will migrate to Ubuntu 26 beginning October 19, 2026. For more information, see https://github.com/actions/runner-images/issues/14748"
build: .github#1

! Node.js 20 is deprecated. The following actions target Node.js 20 but are being forced to run on Node.js 24: actions/deploy-pages@v4. For more information see: https://github.blog/changelog/2025-09-19-deprecation-of-node-20-on-github-actions-runners/
Deploy: .github#4

- "The ubuntu-latest label will migrate to Ubuntu 26 beginning October 19, 2026. For more information, see https://github.com/actions/runner-images/issues/14748"
Deploy: .github#1

WATCH_EXIT=0
