P0 脚手架完成。说明：会话开始时部分文件（package.json、.gitignore、README、三个脚本）已存在，docs/ 全部内容在本次会话中由并行进程落盘——我逐一核对了全部文件是否符合 PLAN.md 规格，并修复了 lint-content.py 的一处真实 bug（glob 模式 `q[0-9][0-9]-` 漏了三位题号，改为 `q[0-9][0-9][0-9]-`）。

## 创建/核实的文件清单

**根目录**
- `package.json` — name: nr-interview-bible, private, type: module；docs:index/dev/build/preview/lint 五个脚本；vitepress ^1.6.3 + vue ^3.5.0
- `.gitignore` — node_modules/、dist/、cache/
- `README.md` — 简介 + 快速开始 + 格式指向 PLAN.md

**站点框架**
- `docs/.vitepress/config.mts` — zh-CN、nav/sidebar（开始分组 + 8 章指向 `/0X-*/index`）、local search 中文翻译 + CJK 单字 tokenize（`minisearch.options.tokenize`）、未开 ignoreDeadLinks
- `docs/.vitepress/theme/index.ts` — extends 默认主题，全局注册 QuestionBank/DailyQuestion
- `docs/.vitepress/components/QuestionBank.vue` — 读 questions.json，按章分组 + 难度/频率/tags 徽标，空列表显示「题库生成中」
- `docs/.vitepress/components/DailyQuestion.vue` — 「每日一题功能构建中」占位

**页面**
- `docs/index.md` — hero + 3 features + 两个 action
- `docs/bank.md` / `docs/daily.md` — 直接使用组件
- 8 × `docs/0X-*/index.md` — 章名 + 概述 + QUESTIONS-TOC 成对标记

**内容**
- `docs/01-无线基础与演进/ch01-q001-nsa-vs-sa.md`（易/高，五字段 frontmatter + 四节齐全，术语全称规范）
- `docs/01-无线基础与演进/ch01-q002-en-dc.md`（中/高，同上）

**脚本**
- `scripts/gen-index.mjs`、`scripts/gen-chapter-toc.mjs`（幂等）、`scripts/lint-content.py`（含修复）、`docs/.vitepress/generated/questions.json`（2 条）

## 三条自查命令实际输出

**1. `node scripts/gen-index.mjs`**
```
[gen-index] 已生成 D:\Download\code\hermes_prj\docs\.vitepress\generated\questions.json，共 2 题
```

**2. `node scripts/gen-chapter-toc.mjs`**
```
[gen-chapter-toc] 更新 8 章，跳过 0 章
```

**3. `python scripts/lint-content.py`**
```
共扫描题目 2 道，期望 300 道

各章题量（当前/期望）：
  第1章  2/30  …
  第2章  0/55  …
  第3章  0/35  …
  第4章  0/40  …
  第5章  0/40  …
  第6章  0/30  …
  第7章  0/40  …
  第8章  0/30  …

警告（warning）：
  - 第1章题量不足：2/30（分批构建中允许）
  （第2–8章各一条，略）

校验通过：0 error，8 个 warning
```

questions.json 含 `ch01-q001`、`ch01-q002` 两条；TOC 重复执行结果稳定（幂等）；三条命令 exit 均为 0。
EXIT_CODE=0
