P11 尾批完成。gen-print.mjs 链接改写无需修改——`./xxx.md` 相对链接被 VitePress 编译期正常重写，构建 0 死链通过。

## 修改/新建文件清单

**修改（4）：**
| 文件 | 变更 |
|---|---|
| `package.json:6` | `docs:index` 追加 `gen-quiz.mjs && gen-print.mjs` |
| `docs/.vitepress/theme/index.ts` | 全局注册 `SelfTest`、`PrintExport` |
| `docs/.vitepress/theme/custom.css` | 追加 `@media print` 块：隐藏 Nav/Sidebar/aside/prev-next/header-anchor/正文按钮，正文满宽，`.vp-doc h1` 前 `break-before: page`（首个除外） |
| `docs/.vitepress/config.mts` | nav 与 sidebar「开始」组各追加「自测」`/selftest`、「打印/PDF」`/print` |

**新建（4）：**
| 文件 | 内容 |
|---|---|
| `docs/.vitepress/components/SelfTest.vue` | 配置面板（章节/难度多选默认全选 + 全选/全不选、题量 5/10/20 单选、符合题数实时显示）→ Fisher–Yates 无放回抽题 → 逐题（进度 x/N + 进度条、章节/难度/频率徽标、答案默认遮挡、显示答案后 v-html 渲染 brief/detail/followups 三段 + 原题链接）→ 会✓/不会✗ 记分自动下一题、上一题回看可改分 → 结果页（得分/正确率/错题列表带解析链接/再来一轮）。随机数全在客户端事件回调中产生，SSR 构建期只渲染配置面板；零第三方库，样式复用 VitePress CSS 变量；打印时自身 `display: none` |
| `docs/.vitepress/components/PrintExport.vue` | 打印引导卡（4 步：确认当前页 → Ctrl+P/⌘P → 另存为 PDF → 勾选背景图形）+「打印 / 导出 PDF」按钮 `window.print()`，打印时隐藏 |
| `docs/selftest.md` | frontmatter `title: 自测模式` + `<SelfTest />` |
| （生成物）`docs/.vitepress/generated/quiz.json` | count=300，items 含 `sections:{brief,detail,followups}` |

## docs:build 结尾输出

```
[gen-index] 已生成 ...questions.json，共 300 题
[gen-chapter-toc] 更新 8 章，跳过 0 章
[gen-quiz] 已生成 ...quiz.json，共 300 题（sections: brief/detail/followups）
[gen-print] 已生成 ...print.md，共 300 题

vitepress v1.6.4
- building client + server bundles...
✓ building client + server bundles...
- rendering pages...
✓ rendering pages...
build complete in 15.06s.
```

quiz.json count = 300 ✓；构建 0 死链、0 错误 ✓（仅 chunk >500kB 警告，为 print.md 单页 300 题所致，预期内）。
EXIT_CODE=0
